 37.5 updateAgents src/simulation/simulation.js:926
 28.3 perceive src/simulation/agent.js:274
  6.9 (garbage collector) :-1
  4.9 tick src/simulation/simulation.js:468
  4.8 generateGoals src/simulation/agent.js:337
  2.2 updateRelationships src/simulation/simulation.js:629
  1.3 update src/systems/animalSystem.js:114
  1.3 chooseAction src/simulation/agent.js:1188
  1.1 set length :-1
  0.8 updateAging src/simulation/simulation.js:534
  0.7 (anon) src/simulation/simulation.js:839
  0.7 generateActions src/simulation/agent.js:732
  0.7 updateNeeds src/simulation/agent.js:208
  0.6 decayRelationships src/systems/relationshipSystem.js:413
  0.6 updateEconomy src/simulation/simulation.js:751
  0.5 syncFromBuildings src/systems/craftingSystem.js:224
  0.5 executeAction src/simulation/agent.js:1607
  0.5 updateFaith src/systems/religionSystem.js:136
  0.5 reconcileCraftsmen src/systems/craftingSystem.js:273
  0.5 update src/systems/ageSystem.js:22
  0.5 haulUnits src/systems/craftingSystem.js:423
  0.4 moveToward src/simulation/agent.js:2423
  0.2 snapshotAction src/simulation/agent.js:1580
  0.2 findSettlementBuilding src/simulation/agent.js:1446
  0.2 update src/systems/combatSystem.js:132
  0.2 update src/systems/religionSystem.js:334
  0.2 pruneAgents src/systems/relationshipSystem.js:381
  0.2 _feltAbout src/simulation/agent.js:1298
  0.2 getAgentJob src/systems/economySystem.js:180
  0.2 getAgentSettlement src/systems/settlementSystem.js:412
